361db>> b 13
breakpoint 0 set at line 13
361db>> c
breakpoint 0 hit
361db>> where
line 13 in tests/prog1.c
361db>> c
hello world 5 10
